/*---------------------------------------------------------------------------*\
  =========                 |
  \\      /  F ield         | OpenFOAM: The Open Source CFD Toolbox
   \\    /   O peration     | Website:  https://openfoam.org
    \\  /    A nd           | Version:  13
     \\/     M anipulation  |
\*---------------------------------------------------------------------------*/
Build  : 13-cde978a97c93
Exec   : foamRun -parallel
Date   : Feb 16 2026
Time   : 17:28:43
Host   : "node2348.oscar.ccv.brown.edu"
PID    : 973417
I/O    : uncollated
Case   : //work
nProcs : 16
Slaves : 
15
(
"node2348.oscar.ccv.brown.edu.973418"
"node2348.oscar.ccv.brown.edu.973419"
"node2348.oscar.ccv.brown.edu.973420"
"node2348.oscar.ccv.brown.edu.973421"
"node2348.oscar.ccv.brown.edu.973422"
"node2348.oscar.ccv.brown.edu.973423"
"node2348.oscar.ccv.brown.edu.973424"
"node2348.oscar.ccv.brown.edu.973425"
"node2348.oscar.ccv.brown.edu.973426"
"node2348.oscar.ccv.brown.edu.973427"
"node2348.oscar.ccv.brown.edu.973429"
"node2348.oscar.ccv.brown.edu.973430"
"node2348.oscar.ccv.brown.edu.973431"
"node2348.oscar.ccv.brown.edu.973432"
"node2348.oscar.ccv.brown.edu.973435"
)

Pstream initialised with:
    floatTransfer      : false
    nProcsSimpleSum    : 0
    commsType          : nonBlocking
    polling iterations : 0
sigFpe : Enabling floating point exception trapping (FOAM_SIGFPE).
fileModificationChecking : Monitoring run-time modified files using timeStampMaster (fileModificationSkew 10)
allowSystemOperations : Allowing user-supplied system call operations

// * * * * * * * * * * * * * * * * * * * * * * * * * * * * * * * * * * * * * //
Create time

Create mesh for time = 0

Selecting fvMeshMover motionSolver
Selecting motion solver: solidBody
Selecting solid-body motion function sixDoFMotion
Selecting solver incompressibleVoF
Selecting viscosity model constant
Selecting viscosity model constant
No MRF models present

Courant Number mean: 0 max: 0
Interface Courant Number mean: 0 max: 0
Selecting turbulence model type laminar
    Selecting laminar stress model Stokes
GAMGPCG:  Solving for pcorr, Initial residual = 0, Final residual = 0, No Iterations 0

PIMPLE: No convergence criteria found


PIMPLE: Operating solver in transient mode with 1 outer corrector
PIMPLE: Operating solver in PISO mode



Starting time loop

Constructing face momentum Uf
Courant Number mean: 0 max: 0
Interface Courant Number mean: 0 max: 0
deltaT = 0.000119904
Time = 0.000119904s

MULES: Solving for alpha.water
MULES: Solving for alpha.water
Phase-1 volume fraction = 0.5  Min(alpha.water) = 0  Max(alpha.water) = 1
MULES: Solving for alpha.water
MULES: Solving for alpha.water
Phase-1 volume fraction = 0.5  Min(alpha.water) = 0  Max(alpha.water) = 1
GAMG:  Solving for p_rgh, Initial residual = 1, Final residual = 0.0023042, No Iterations 2
time step continuity errors : sum local = 0.000330159, global = -4.52352e-05
GAMGPCG:  Solving for p_rgh, Initial residual = 0.0108777, Final residual = 1.04098e-09, No Iterations 6
time step continuity errors : sum local = 8.58657e-10, global = 1.54742e-10, cumulative = 1.54742e-10
ExecutionTime = 0.37199 s  ClockTime = 1 s

Courant Number mean: 0.0108996 max: 0.45806
Interface Courant Number mean: 0 max: 0
deltaT = 0.000143712
Time = 0.000263616s

MULES: Solving for alpha.water
MULES: Solving for alpha.water
Phase-1 volume fraction = 0.5  Min(alpha.water) = -4.40111e-19  Max(alpha.water) = 1
MULES: Solving for alpha.water
MULES: Solving for alpha.water
Phase-1 volume fraction = 0.5  Min(alpha.water) = -1.90577e-18  Max(alpha.water) = 1
GAMG:  Solving for p_rgh, Initial residual = 0.0117935, Final residual = 0.000109401, No Iterations 2
time step continuity errors : sum local = 0.000115823, global = -1.2742e-05
GAMGPCG:  Solving for p_rgh, Initial residual = 0.00171994, Final residual = 5.20738e-10, No Iterations 5
time step continuity errors : sum local = 5.29538e-10, global = 5.59899e-11, cumulative = 2.10732e-10
ExecutionTime = 0.4964 s  ClockTime = 1 s

Courant Number mean: 0.00872752 max: 0.338912
Interface Courant Number mean: 0.000764521 max: 0.179559
deltaT = 0.000172256
Time = 0.000435873s

MULES: Solving for alpha.water
MULES: Solving for alpha.water
Phase-1 volume fraction = 0.5  Min(alpha.water) = -1.90369e-18  Max(alpha.water) = 1
MULES: Solving for alpha.water
MULES: Solving for alpha.water
Phase-1 volume fraction = 0.5  Min(alpha.water) = -1.90369e-18  Max(alpha.water) = 1
GAMG:  Solving for p_rgh, Initial residual = 0.0092986, Final residual = 3.47605e-05, No Iterations 2
time step continuity errors : sum local = 4.83827e-05, global = -1.25005e-06
