## SLURM PROLOG ###############################################################
##    Job ID : 394709
##  Job Name : post_compare_case_H0.0083_D0.0083_flat_tilt_T0.0_m0.0008
##  Nodelist : node2340
## SLURM PROLOG ###############################################################
##      CPUs : 1
##    Job ID : 394710
##  Mem/Node : 8192 MB
##  Job Name : post_extract_case_H0.0083_D0.0083_flat_tilt_T0.0_m0.0008
## Directory : /oscar/data/dharri15/eaguerov/examples/openfoam/openfoam-test
##  Nodelist : node2340
##   Job Started : Mon Feb 16 20:26:53 EST 2026
##      CPUs : 1
###############################################################################
##  Mem/Node : 8192 MB
## Directory : /oscar/data/dharri15/eaguerov/examples/openfoam/openfoam-test
##   Job Started : Mon Feb 16 20:26:53 EST 2026
###############################################################################
------------------------------------------------------------
------------------------------------------------------------
Action: compare | Case: case_H0.0083_D0.0083_flat_tilt_T0.0_m0.0008 | vtp_mode: none | quality_profile: balanced
Action: extract | Case: case_H0.0083_D0.0083_flat_tilt_T0.0_m0.0008 | vtp_mode: none | quality_profile: balanced
Date: $(date)
Date: $(date)
Python: $(which python)
Python: $(which python)
2026-02-16 20:26:58.334 (   0.536s) [    7F5D715B1240]  vtkOpenFOAMReader.cxx:11615  ERR| vtkPOpenFOAMReader (0x26678e0): ./case_H0.0083_D0.0083_flat_tilt_T0.0_m0.0008.foam contains no meshes.
ERROR:root:./case_H0.0083_D0.0083_flat_tilt_T0.0_m0.0008.foam contains no meshes.
2026-02-16 20:26:58.335 (   0.537s) [    7F5D715B1240]       vtkExecutive.cxx:729    ERR| vtkCompositeDataPipeline (0x26af510): Algorithm vtkPOpenFOAMReader (0x26678e0) returned failure for request: vtkInformation (0x2349070)
  Debug: Off
  Modified Time: 6349
  Reference Count: 1
  Registered Events: (none)
  Request: REQUEST_INFORMATION
  ALGORITHM_AFTER_FORWARD: 1
  FORWARD_DIRECTION: 0


ERROR:root:Algorithm vtkPOpenFOAMReader (0x26678e0) returned failure for request: vtkInformation (0x2349070)
  📊 Extracting interface for . using PyVista (vtp_mode=none, quality_profile=balanced)...
Traceback (most recent call last):
  File "/oscar/data/dharri15/eaguerov/examples/openfoam/openfoam-test/case_H0.0083_D0.0083_flat_tilt_T0.0_m0.0008/../main.py", line 3382, in <module>
    extract_interface(
    ~~~~~~~~~~~~~~~~~^
        args.case,
        ^^^^^^^^^^
        vtp_mode=args.vtp_mode,
        ^^^^^^^^^^^^^^^^^^^^^^^
        quality_profile=args.quality_profile,
        ^^^^^^^^^^^^^^^^^^^^^^^^^^^^^^^^^^^^^
    )
    ^
  File "/oscar/data/dharri15/eaguerov/examples/openfoam/openfoam-test/case_H0.0083_D0.0083_flat_tilt_T0.0_m0.0008/../main.py", line 1824, in extract_interface
    time_values = reader.time_values
                  ^^^^^^^^^^^^^^^^^^
  File "/oscar/data/dharri15/eaguerov/examples/openfoam/openfoam-test/sloshing/lib/python3.13/site-packages/pyvista/core/utilities/reader.py", line 684, in time_values
    return [self.time_point_value(idx) for idx in range(self.number_time_points)]
                                                        ^^^^^^^^^^^^^^^^^^^^^^^
  File "/oscar/data/dharri15/eaguerov/examples/openfoam/openfoam-test/sloshing/lib/python3.13/site-packages/pyvista/core/utilities/reader.py", line 959, in number_time_points
    return self.reader.GetTimeValues().GetNumberOfValues()
           ^^^^^^^^^^^^^^^^^^^^^^^^^^^^^^^^^^^^^^^^^^^^^
AttributeError: 'NoneType' object has no attribute 'GetNumberOfValues'
2026-02-16 20:26:58.357 (   0.390s) [    7F000DB96240]  vtkOpenFOAMReader.cxx:11615  ERR| vtkPOpenFOAMReader (0x1512e50): ./case_H0.0083_D0.0083_flat_tilt_T0.0_m0.0008.foam contains no meshes.
ERROR:root:./case_H0.0083_D0.0083_flat_tilt_T0.0_m0.0008.foam contains no meshes.
2026-02-16 20:26:58.358 (   0.391s) [    7F000DB96240]       vtkExecutive.cxx:729    ERR| vtkCompositeDataPipeline (0x19fa570): Algorithm vtkPOpenFOAMReader (0x1512e50) returned failure for request: vtkInformation (0x1692140)
  Debug: Off
  Modified Time: 6798
  Reference Count: 1
  Registered Events: (none)
  Request: REQUEST_INFORMATION
  ALGORITHM_AFTER_FORWARD: 1
  FORWARD_DIRECTION: 0


ERROR:root:Algorithm vtkPOpenFOAMReader (0x1512e50) returned failure for request: vtkInformation (0x1692140)
  📊 Comparing analytical and OpenFOAM interfaces for ....
Traceback (most recent call last):
  File "/oscar/data/dharri15/eaguerov/examples/openfoam/openfoam-test/case_H0.0083_D0.0083_flat_tilt_T0.0_m0.0008/../main.py", line 3378, in <module>
    compare_interfaces(args.case)
    ~~~~~~~~~~~~~~~~~~^^^^^^^^^^^
  File "/oscar/data/dharri15/eaguerov/examples/openfoam/openfoam-test/case_H0.0083_D0.0083_flat_tilt_T0.0_m0.0008/../main.py", line 3061, in compare_interfaces
    openfoam_pts, t = _extract_openfoam_interface_latest(case_dir, results_dir)
                      ~~~~~~~~~~~~~~~~~~~~~~~~~~~~~~~~~~^^^^^^^^^^^^^^^^^^^^^^^
  File "/oscar/data/dharri15/eaguerov/examples/openfoam/openfoam-test/case_H0.0083_D0.0083_flat_tilt_T0.0_m0.0008/../main.py", line 2923, in _extract_openfoam_interface_latest
    time_values = reader.time_values
                  ^^^^^^^^^^^^^^^^^^
  File "/oscar/data/dharri15/eaguerov/examples/openfoam/openfoam-test/sloshing/lib/python3.13/site-packages/pyvista/core/utilities/reader.py", line 684, in time_values
    return [self.time_point_value(idx) for idx in range(self.number_time_points)]
                                                        ^^^^^^^^^^^^^^^^^^^^^^^
  File "/oscar/data/dharri15/eaguerov/examples/openfoam/openfoam-test/sloshing/lib/python3.13/site-packages/pyvista/core/utilities/reader.py", line 959, in number_time_points
    return self.reader.GetTimeValues().GetNumberOfValues()
           ^^^^^^^^^^^^^^^^^^^^^^^^^^^^^^^^^^^^^^^^^^^^^
AttributeError: 'NoneType' object has no attribute 'GetNumberOfValues'
/usr/bin/xvfb-run: line 186: kill: (2494026) - No such process
