## SLURM PROLOG ###############################################################
##    Job ID : 399966
##  Job Name : post_extract_case_H0.0082_D0.0083_flat_tilt_T0.0_m0.0001
##  Nodelist : node2334
##      CPUs : 1
##  Mem/Node : 8192 MB
## Directory : /oscar/data/dharri15/eaguerov/examples/openfoam/openfoam-test
##   Job Started : Tue Feb 17 09:43:15 EST 2026
###############################################################################
------------------------------------------------------------
Action: extract | Case: case_H0.0082_D0.0083_flat_tilt_T0.0_m0.0001 | vtp_mode: none | quality_profile: balanced
Date: $(date)
Python: $(which python)
  📊 Extracting interface for . using PyVista (vtp_mode=none, quality_profile=balanced)...
  Processing 1 timesteps (R=0.00415)...
  ✅ Saved contact-angle diagnostics (CSV + quality report + snapshot figure).
  ✅ Extraction complete.
End: $(date)
------------------------------------------------------------
## SLURM PROLOG ###############################################################
##    Job ID : 400017
##  Job Name : post_extract_case_H0.0082_D0.0083_flat_tilt_T0.0_m0.0001
##  Nodelist : node2334
##      CPUs : 1
##  Mem/Node : 8192 MB
## Directory : /oscar/data/dharri15/eaguerov/examples/openfoam/openfoam-test
##   Job Started : Tue Feb 17 10:03:07 EST 2026
###############################################################################
------------------------------------------------------------
Action: extract | Case: case_H0.0082_D0.0083_flat_tilt_T0.0_m0.0001 | vtp_mode: none | quality_profile: balanced
Date: $(date)
Python: $(which python)
  📊 Extracting interface for . using PyVista (vtp_mode=none, quality_profile=balanced)...
  Processing 1 timesteps (R=0.00415)...
  ✅ Saved contact-angle diagnostics (CSV + quality report + snapshot figure).
  ✅ Extraction complete.
/usr/bin/xvfb-run: line 186: kill: (1216988) - No such process
## SLURM PROLOG ###############################################################
##    Job ID : 400972
##  Job Name : post_extract_case_H0.0082_D0.0083_flat_tilt_T0.0_m0.0001
##  Nodelist : node2334
##      CPUs : 1
##  Mem/Node : 8192 MB
## Directory : /oscar/data/dharri15/eaguerov/examples/openfoam/openfoam-test
##   Job Started : Tue Feb 17 10:45:43 EST 2026
###############################################################################
------------------------------------------------------------
Action: extract | Case: case_H0.0082_D0.0083_flat_tilt_T0.0_m0.0001 | vtp_mode: none | quality_profile: balanced
Date: $(date)
Python: $(which python)
  📊 Extracting interface for . using PyVista (vtp_mode=none, quality_profile=balanced)...
  Processing 1 timesteps (R=0.00415)...
  ✅ Saved contact-angle diagnostics (CSV + quality report + snapshot figure).
  ✅ Extraction complete.
End: $(date)
------------------------------------------------------------
## SLURM PROLOG ###############################################################
##    Job ID : 409640
##  Job Name : post_extract_case_H0.0082_D0.0083_flat_tilt_T0.0_m0.0001
##  Nodelist : node2335
##      CPUs : 1
##  Mem/Node : 8192 MB
## Directory : /oscar/data/dharri15/eaguerov/examples/openfoam/openfoam-test
##   Job Started : Wed Feb 18 01:51:45 PM EST 2026
###############################################################################

The following have been reloaded with a version change:
  1) python/3.11.11-5e66 => python/3.13.5-dz6t

------------------------------------------------------------
Action: extract | Case: case_H0.0082_D0.0083_flat_tilt_T0.0_m0.0001 | vtp_mode: none | quality_profile: balanced
Date: $(date)
Python: $(which python)
  📊 Extracting interface for . using PyVista (vtp_mode=none, quality_profile=balanced)...
  Processing 1 timesteps (R=0.00415)...
  ✅ Saved contact-angle diagnostics (CSV + quality report + snapshot figure).
  ✅ Extraction complete.
End: $(date)
------------------------------------------------------------
