## SLURM PROLOG ###############################################################
##    Job ID : 394552
##  Job Name : post_extract_case_H0.0084_D0.0083_flat_tilt_T0.0_m0.0003
##  Nodelist : node2308
##      CPUs : 1
##  Mem/Node : 8192 MB
## Directory : /oscar/data/dharri15/eaguerov/examples/openfoam/openfoam-test
##   Job Started : Mon Feb 16 07:13:37 PM EST 2026
###############################################################################
------------------------------------------------------------
Action: extract | Case: case_H0.0084_D0.0083_flat_tilt_T0.0_m0.0003 | vtp_mode: none | quality_profile: balanced
Date: $(date)
Python: $(which python)
  📊 Extracting interface for . using PyVista (vtp_mode=none, quality_profile=balanced)...
  Processing 71 timesteps (R=0.00415)...
    Processed 20/71
    Processed 40/71
    Processed 60/71
  ✅ Saved contact-angle diagnostics (CSV + quality report + snapshot figure).
  ✅ Extraction complete.
End: $(date)
------------------------------------------------------------
## SLURM PROLOG ###############################################################
##    Job ID : 394577
##  Job Name : post_extract_case_H0.0084_D0.0083_flat_tilt_T0.0_m0.0003
##  Nodelist : node2310
##      CPUs : 1
##  Mem/Node : 8192 MB
## Directory : /oscar/data/dharri15/eaguerov/examples/openfoam/openfoam-test
##   Job Started : Mon Feb 16 07:28:41 PM EST 2026
###############################################################################
------------------------------------------------------------
Action: extract | Case: case_H0.0084_D0.0083_flat_tilt_T0.0_m0.0003 | vtp_mode: none | quality_profile: balanced
Date: $(date)
Python: $(which python)
  📊 Extracting interface for . using PyVista (vtp_mode=none, quality_profile=balanced)...
  Processing 71 timesteps (R=0.00415)...
    Processed 20/71
    Processed 40/71
    Processed 60/71
  ✅ Saved contact-angle diagnostics (CSV + quality report + snapshot figure).
  ✅ Extraction complete.
End: $(date)
------------------------------------------------------------
## SLURM PROLOG ###############################################################
## SLURM PROLOG ###############################################################
##    Job ID : 394701
##    Job ID : 394700
##  Job Name : post_extract_case_H0.0084_D0.0083_flat_tilt_T0.0_m0.0003
##  Job Name : post_compare_case_H0.0084_D0.0083_flat_tilt_T0.0_m0.0003
##  Nodelist : node2349
##  Nodelist : node2349
##      CPUs : 1
##      CPUs : 1
##  Mem/Node : 8192 MB
##  Mem/Node : 8192 MB
## Directory : /oscar/data/dharri15/eaguerov/examples/openfoam/openfoam-test
## Directory : /oscar/data/dharri15/eaguerov/examples/openfoam/openfoam-test
##   Job Started : Mon Feb 16 20:24:16 EST 2026
##   Job Started : Mon Feb 16 20:24:16 EST 2026
###############################################################################
###############################################################################
------------------------------------------------------------
------------------------------------------------------------
Action: extract | Case: case_H0.0084_D0.0083_flat_tilt_T0.0_m0.0003 | vtp_mode: none | quality_profile: balanced
Action: compare | Case: case_H0.0084_D0.0083_flat_tilt_T0.0_m0.0003 | vtp_mode: none | quality_profile: balanced
Date: $(date)
Date: $(date)
Python: $(which python)
Python: $(which python)
  📊 Comparing analytical and OpenFOAM interfaces for ....
  ✅ Comparison complete.
/usr/bin/xvfb-run: line 186: kill: (2382525) - No such process
  📊 Extracting interface for . using PyVista (vtp_mode=none, quality_profile=balanced)...
  Processing 71 timesteps (R=0.00415)...
    Processed 20/71
    Processed 40/71
    Processed 60/71
  ✅ Saved contact-angle diagnostics (CSV + quality report + snapshot figure).
  ✅ Extraction complete.
/usr/bin/xvfb-run: line 186: kill: (2382524) - No such process
## SLURM PROLOG ###############################################################
##    Job ID : 399974
##  Job Name : post_extract_case_H0.0084_D0.0083_flat_tilt_T0.0_m0.0003
##  Nodelist : node2338
##      CPUs : 1
##  Mem/Node : 8192 MB
## Directory : /oscar/data/dharri15/eaguerov/examples/openfoam/openfoam-test
##   Job Started : Tue Feb 17 09:43:15 EST 2026
###############################################################################
------------------------------------------------------------
Action: extract | Case: case_H0.0084_D0.0083_flat_tilt_T0.0_m0.0003 | vtp_mode: none | quality_profile: balanced
Date: $(date)
Python: $(which python)
  📊 Extracting interface for . using PyVista (vtp_mode=none, quality_profile=balanced)...
  Processing 71 timesteps (R=0.00415)...
    Processed 20/71
    Processed 40/71
    Processed 60/71
  ✅ Saved contact-angle diagnostics (CSV + quality report + snapshot figure).
  ✅ Extraction complete.
End: $(date)
------------------------------------------------------------
