## SLURM PROLOG ###############################################################
##    Job ID : 394708
##  Job Name : post_extract_case_H0.0083_D0.0083_flat_tilt_T0.0_m0.001
##  Nodelist : node2339
##      CPUs : 1
##  Mem/Node : 8192 MB
## Directory : /oscar/data/dharri15/eaguerov/examples/openfoam/openfoam-test
##   Job Started : Mon Feb 16 20:26:53 EST 2026
###############################################################################
------------------------------------------------------------
Action: extract | Case: case_H0.0083_D0.0083_flat_tilt_T0.0_m0.001 | vtp_mode: none | quality_profile: balanced
Date: $(date)
Python: $(which python)
  📊 Extracting interface for . using PyVista (vtp_mode=none, quality_profile=balanced)...
  Processing 4 timesteps (R=0.00415)...
  ✅ Saved contact-angle diagnostics (CSV + quality report + snapshot figure).
  ✅ Extraction complete.
End: $(date)
------------------------------------------------------------
## SLURM PROLOG ###############################################################
##    Job ID : 399972
##  Job Name : post_extract_case_H0.0083_D0.0083_flat_tilt_T0.0_m0.001
##  Nodelist : node2337
##      CPUs : 1
##  Mem/Node : 8192 MB
## Directory : /oscar/data/dharri15/eaguerov/examples/openfoam/openfoam-test
##   Job Started : Tue Feb 17 09:43:15 EST 2026
###############################################################################
------------------------------------------------------------
Action: extract | Case: case_H0.0083_D0.0083_flat_tilt_T0.0_m0.001 | vtp_mode: none | quality_profile: balanced
Date: $(date)
Python: $(which python)
  📊 Extracting interface for . using PyVista (vtp_mode=none, quality_profile=balanced)...
  Processing 4 timesteps (R=0.00415)...
  ✅ Saved contact-angle diagnostics (CSV + quality report + snapshot figure).
  ✅ Extraction complete.
End: $(date)
------------------------------------------------------------
